node.exe : ΓÜá Warning: 
Next.js inferred your 
workspace root, but it may 
not be correct.
At C:\Program 
Files\nodejs\npx.ps1:29 
char:3
+   & $NODE_EXE $NPX_CLI_JS 
$args
+   
~~~~~~~~~~~~~~~~~~~~~~~~~~~~~
    + CategoryInfo           
   : NotSpecified: (ΓÜá War  
  ning: Ne...not be correc   
 t.:String) [], RemoteExc    
eption
    + FullyQualifiedErrorId  
   : NativeCommandError
 
 We detected multiple 
lockfiles and selected the 
directory of C:\Users\Hi\Desk
top\Workspace\Projects\Client
s\package-lock.json as the 
root directory.
 To silence this warning, 
set `turbopack.root` in your 
Next.js config, or consider 
removing one of the 
lockfiles if it's not needed.
   See https://nextjs.org/doc
s/app/api-reference/config/ne
xt-config-js/turbopack#root-d
irectory for more 
information.
 Detected additional 
lockfiles: 
   * C:\Users\Hi\Desktop\Work
space\Projects\Clients\thunde
r\frontendweb\package-lock.js
on

Γû▓ Next.js 16.1.6 (Turbopack)
- Environments: .env

  Creating an optimized production build ...
Γ£ô Compiled successfully in 18.9s
  Running TypeScript ...
Failed to compile.

./src/app/(app)/pay-bills/tv/
page.tsx:84:39
Type error: Cannot find name 
'DEFAULT_CURRENCY_ID'.

[0m [90m 82 |[39m   
[36mconst[39m { 
data[33m:[39m cashbackData 
} [33m=[39m useQuery({
 [90m 83 |[39m     
queryKey[33m:[39m [[32m"ca
shbackBalance"[39m][33m,[3
9m
[31m[1m>[22m[39m[90m 84 
|[39m     
queryFn[33m:[39m () 
[33m=>[39m getCashbackBalan
ce([33mDEFAULT_CURRENCY_ID[
39m)[33m,[39m
 [90m    |[39m             
                          
[31m[1m^[22m[39m
 [90m 85 |[39m   
})[33m;[39m
 [90m 86 |[39m
 [90m 87 |[39m   
[36mconst[39m boltBalance 
[33m=[39m cashbackData[33m
?[39m[33m.[39mdata[33m?[
39m[33m.[39mavailableBolts 
[33m||[39m 
[35m0[39m[33m;[39m[0m
Next.js build worker exited 
with code: 1 and signal: null
